// Jest Snapshot v1, https://goo.gl/fbAQLP

exports[`expect mock Card component JSX to match snapshot 1`] = `
<Card
  email="test@test.com"
  id={69}
  name="test"
/>
`;

exports[`expect rendered mock Card component to match snapshot 1`] = `
<body>
  <div>
    <div
      class="tc grow bg-light-green br3 pa3 ma2 dib bw2 shadow-5"
    >
      <img
        alt="robots"
        src="https://robohash.org/69?size=200x200"
      />
      <div>
        <h2>
          test
        </h2>
        <p>
          test@test.com
        </p>
      </div>
    </div>
  </div>
</body>
`;
