// Jest Snapshot v1, https://goo.gl/fbAQLP

exports[`expect mock MainPage component JSX to match snapshot 1`] = `
<MainPage
  isPending={false}
  onRequestRobots={[MockFunction]}
  robots={Array []}
  searchField=""
/>
`;

exports[`expect rendered mock MainPage component to match snapshot 1`] = `
<body>
  <div>
    <div
      class="tc"
    >
      <div>
        <button
          color="red"
        >
          Count: 
          0
        </button>
        <h1
          class="f1"
        >
          RoboFriends
        </h1>
      </div>
      <div
        class="pa2"
      >
        <input
          class="pa3 ba b--green bg-lightest-blue"
          placeholder="search robots"
          type="search"
        />
      </div>
      <div
        style="overflow: scroll; border: 5px solid black; height: 800px;"
      >
        <div />
      </div>
    </div>
  </div>
</body>
`;
